mode: atomic
github.com/ToufiqQureshi/bot-shield/main.go:30.13,46.16 15 0
github.com/ToufiqQureshi/bot-shield/main.go:46.16,48.3 1 0
github.com/ToufiqQureshi/bot-shield/main.go:50.2,51.16 2 0
github.com/ToufiqQureshi/bot-shield/main.go:51.16,53.3 1 0
github.com/ToufiqQureshi/bot-shield/main.go:58.2,58.68 1 0
github.com/ToufiqQureshi/bot-shield/main.go:58.68,60.3 1 0
github.com/ToufiqQureshi/bot-shield/main.go:61.2,63.19 2 0
github.com/ToufiqQureshi/bot-shield/main.go:63.19,65.3 1 0
github.com/ToufiqQureshi/bot-shield/main.go:67.2,68.21 2 0
github.com/ToufiqQureshi/bot-shield/main.go:68.21,70.3 1 0
github.com/ToufiqQureshi/bot-shield/main.go:71.2,72.22 2 0
github.com/ToufiqQureshi/bot-shield/main.go:72.22,75.46 2 0
github.com/ToufiqQureshi/bot-shield/main.go:75.46,77.4 1 0
github.com/ToufiqQureshi/bot-shield/main.go:80.2,81.16 2 0
github.com/ToufiqQureshi/bot-shield/main.go:81.16,83.3 1 0
github.com/ToufiqQureshi/bot-shield/main.go:86.2,87.16 2 0
github.com/ToufiqQureshi/bot-shield/main.go:87.16,89.3 1 0
github.com/ToufiqQureshi/bot-shield/main.go:90.2,93.47 4 0
github.com/ToufiqQureshi/bot-shield/main.go:93.47,95.3 1 0
github.com/ToufiqQureshi/bot-shield/main.go:95.8,97.3 1 0
github.com/ToufiqQureshi/bot-shield/main.go:98.2,103.18 3 0
github.com/ToufiqQureshi/bot-shield/main.go:103.18,104.41 1 0
github.com/ToufiqQureshi/bot-shield/main.go:104.41,106.4 1 0
github.com/ToufiqQureshi/bot-shield/main.go:107.3,107.63 1 0
github.com/ToufiqQureshi/bot-shield/main.go:110.2,114.16 4 0
github.com/ToufiqQureshi/bot-shield/main.go:114.16,116.3 1 0
github.com/ToufiqQureshi/bot-shield/main.go:118.2,126.16 2 0
github.com/ToufiqQureshi/bot-shield/main.go:126.16,128.3 1 0
github.com/ToufiqQureshi/bot-shield/main.go:130.2,137.26 6 0
github.com/ToufiqQureshi/bot-shield/main.go:137.26,141.3 1 0
github.com/ToufiqQureshi/bot-shield/main.go:141.8,143.3 1 0
github.com/ToufiqQureshi/bot-shield/main.go:145.2,153.16 3 0
github.com/ToufiqQureshi/bot-shield/main.go:153.16,155.3 1 0
github.com/ToufiqQureshi/bot-shield/main.go:157.2,157.21 1 0
github.com/ToufiqQureshi/bot-shield/main.go:157.21,159.17 2 0
github.com/ToufiqQureshi/bot-shield/main.go:159.17,161.4 1 0
github.com/ToufiqQureshi/bot-shield/main.go:166.3,167.46 2 0
github.com/ToufiqQureshi/bot-shield/main.go:170.2,173.12 3 0
github.com/ToufiqQureshi/bot-shield/main.go:173.12,175.32 2 0
github.com/ToufiqQureshi/bot-shield/main.go:175.32,177.4 1 0
github.com/ToufiqQureshi/bot-shield/main.go:178.3,178.70 1 0
github.com/ToufiqQureshi/bot-shield/main.go:178.70,180.4 1 0
github.com/ToufiqQureshi/bot-shield/main.go:183.2,188.50 5 0
github.com/ToufiqQureshi/bot-shield/main.go:188.50,190.3 1 0
github.com/ToufiqQureshi/bot-shield/pkg/api/handlers.go:25.62,26.71 1 4
github.com/ToufiqQureshi/bot-shield/pkg/api/handlers.go:26.71,28.37 2 8
github.com/ToufiqQureshi/bot-shield/pkg/api/handlers.go:28.37,31.4 2 1
github.com/ToufiqQureshi/bot-shield/pkg/api/handlers.go:32.3,32.33 1 7
github.com/ToufiqQureshi/bot-shield/pkg/api/handlers.go:32.33,35.4 2 2
github.com/ToufiqQureshi/bot-shield/pkg/api/handlers.go:37.3,38.21 2 5
github.com/ToufiqQureshi/bot-shield/pkg/api/handlers.go:38.21,40.4 1 1
github.com/ToufiqQureshi/bot-shield/pkg/api/handlers.go:42.3,43.17 2 5
github.com/ToufiqQureshi/bot-shield/pkg/api/handlers.go:43.17,46.4 2 2
github.com/ToufiqQureshi/bot-shield/pkg/api/handlers.go:48.3,59.18 4 3
github.com/ToufiqQureshi/bot-shield/pkg/api/handlers.go:59.18,61.4 1 0
github.com/ToufiqQureshi/bot-shield/pkg/api/handlers.go:65.65,66.71 1 1
github.com/ToufiqQureshi/bot-shield/pkg/api/handlers.go:66.71,68.21 2 4
github.com/ToufiqQureshi/bot-shield/pkg/api/handlers.go:68.21,70.4 1 0
github.com/ToufiqQureshi/bot-shield/pkg/api/handlers.go:72.3,73.17 2 4
github.com/ToufiqQureshi/bot-shield/pkg/api/handlers.go:73.17,76.4 2 1
github.com/ToufiqQureshi/bot-shield/pkg/api/handlers.go:78.3,78.47 1 3
github.com/ToufiqQureshi/bot-shield/pkg/api/handlers.go:78.47,81.4 2 2
github.com/ToufiqQureshi/bot-shield/pkg/api/handlers.go:82.3,82.33 1 1
github.com/ToufiqQureshi/bot-shield/pkg/api/handlers.go:82.33,85.4 2 0
github.com/ToufiqQureshi/bot-shield/pkg/api/handlers.go:87.3,90.76 4 1
github.com/ToufiqQureshi/bot-shield/pkg/api/handlers.go:90.76,92.4 1 0
github.com/ToufiqQureshi/bot-shield/pkg/api/handlers.go:96.53,97.17 1 5
github.com/ToufiqQureshi/bot-shield/pkg/api/handlers.go:97.17,99.3 1 0
github.com/ToufiqQureshi/bot-shield/pkg/api/handlers.go:100.2,101.68 2 5
github.com/ToufiqQureshi/bot-shield/pkg/api/report.go:28.69,29.71 1 2
github.com/ToufiqQureshi/bot-shield/pkg/api/report.go:29.71,31.21 2 2
github.com/ToufiqQureshi/bot-shield/pkg/api/report.go:31.21,33.4 1 0
github.com/ToufiqQureshi/bot-shield/pkg/api/report.go:35.3,36.17 2 2
github.com/ToufiqQureshi/bot-shield/pkg/api/report.go:36.17,39.4 2 0
github.com/ToufiqQureshi/bot-shield/pkg/api/report.go:41.3,41.50 1 2
github.com/ToufiqQureshi/bot-shield/pkg/api/report.go:41.50,44.4 2 1
github.com/ToufiqQureshi/bot-shield/pkg/api/report.go:45.3,45.33 1 1
github.com/ToufiqQureshi/bot-shield/pkg/api/report.go:45.33,48.4 2 0
github.com/ToufiqQureshi/bot-shield/pkg/api/report.go:50.3,51.78 2 1
github.com/ToufiqQureshi/bot-shield/pkg/api/report.go:51.78,53.4 1 0
github.com/ToufiqQureshi/bot-shield/pkg/api/report.go:55.3,58.30 3 1
github.com/ToufiqQureshi/bot-shield/pkg/api/report.go:58.30,59.19 1 5
github.com/ToufiqQureshi/bot-shield/pkg/api/report.go:59.19,60.13 1 0
github.com/ToufiqQureshi/bot-shield/pkg/api/report.go:62.4,62.28 1 5
github.com/ToufiqQureshi/bot-shield/pkg/api/report.go:62.28,64.5 1 2
github.com/ToufiqQureshi/bot-shield/pkg/api/report.go:65.4,68.22 3 5
github.com/ToufiqQureshi/bot-shield/pkg/api/report.go:69.40,70.19 1 1
github.com/ToufiqQureshi/bot-shield/pkg/api/report.go:71.44,72.23 1 2
github.com/ToufiqQureshi/bot-shield/pkg/api/report.go:73.40,74.20 1 2
github.com/ToufiqQureshi/bot-shield/pkg/api/report.go:77.4,77.34 1 5
github.com/ToufiqQureshi/bot-shield/pkg/api/report.go:77.34,79.41 2 5
github.com/ToufiqQureshi/bot-shield/pkg/api/report.go:79.41,80.22 1 4
github.com/ToufiqQureshi/bot-shield/pkg/api/report.go:80.22,82.12 2 1
github.com/ToufiqQureshi/bot-shield/pkg/api/report.go:85.5,85.15 1 5
github.com/ToufiqQureshi/bot-shield/pkg/api/report.go:85.15,87.6 1 4
github.com/ToufiqQureshi/bot-shield/pkg/api/report.go:91.3,92.28 2 1
github.com/ToufiqQureshi/bot-shield/pkg/api/report.go:92.28,94.4 1 2
github.com/ToufiqQureshi/bot-shield/pkg/api/report.go:96.3,96.40 1 1
github.com/ToufiqQureshi/bot-shield/pkg/api/report.go:96.40,98.4 1 1
github.com/ToufiqQureshi/bot-shield/pkg/api/report.go:100.3,100.24 1 1
github.com/ToufiqQureshi/bot-shield/pkg/api/report.go:100.24,102.4 1 0
github.com/ToufiqQureshi/bot-shield/pkg/api/report.go:104.3,104.18 1 1
github.com/ToufiqQureshi/bot-shield/pkg/api/report.go:104.18,106.4 1 0
github.com/ToufiqQureshi/bot-shield/pkg/api/report.go:108.3,113.57 3 1
github.com/ToufiqQureshi/bot-shield/pkg/api/report.go:113.57,115.4 1 0
github.com/ToufiqQureshi/bot-shield/pkg/api/report.go:120.63,121.71 1 0
github.com/ToufiqQureshi/bot-shield/pkg/api/report.go:121.71,123.21 2 0
github.com/ToufiqQureshi/bot-shield/pkg/api/report.go:123.21,125.4 1 0
github.com/ToufiqQureshi/bot-shield/pkg/api/report.go:127.3,128.17 2 0
github.com/ToufiqQureshi/bot-shield/pkg/api/report.go:128.17,131.4 2 0
github.com/ToufiqQureshi/bot-shield/pkg/api/report.go:133.3,133.50 1 0
github.com/ToufiqQureshi/bot-shield/pkg/api/report.go:133.50,136.4 2 0
github.com/ToufiqQureshi/bot-shield/pkg/api/report.go:137.3,137.33 1 0
github.com/ToufiqQureshi/bot-shield/pkg/api/report.go:137.33,140.4 2 0
github.com/ToufiqQureshi/bot-shield/pkg/api/report.go:142.3,152.30 7 0
github.com/ToufiqQureshi/bot-shield/pkg/api/report.go:152.30,161.4 1 0
github.com/ToufiqQureshi/bot-shield/pkg/api/report.go:162.3,162.17 1 0
github.com/ToufiqQureshi/bot-shield/pkg/db/db.go:13.37,18.16 4 0
github.com/ToufiqQureshi/bot-shield/pkg/db/db.go:18.16,20.3 1 0
github.com/ToufiqQureshi/bot-shield/pkg/db/db.go:22.2,22.39 1 0
github.com/ToufiqQureshi/bot-shield/pkg/db/db.go:22.39,24.3 1 0
github.com/ToufiqQureshi/bot-shield/pkg/db/db.go:26.2,27.24 2 0
github.com/ToufiqQureshi/bot-shield/pkg/db/db.go:30.44,42.2 3 0
github.com/ToufiqQureshi/bot-shield/pkg/db/db.go:44.102,45.15 1 0
github.com/ToufiqQureshi/bot-shield/pkg/db/db.go:45.15,47.3 1 0
github.com/ToufiqQureshi/bot-shield/pkg/db/db.go:49.2,51.8 3 0
github.com/ToufiqQureshi/bot-shield/pkg/challenge/challenge.go:51.68,52.22 1 10
github.com/ToufiqQureshi/bot-shield/pkg/challenge/challenge.go:52.22,54.3 1 0
github.com/ToufiqQureshi/bot-shield/pkg/challenge/challenge.go:55.2,55.17 1 10
github.com/ToufiqQureshi/bot-shield/pkg/challenge/challenge.go:55.17,57.3 1 10
github.com/ToufiqQureshi/bot-shield/pkg/challenge/challenge.go:58.2,58.54 1 10
github.com/ToufiqQureshi/bot-shield/pkg/challenge/challenge.go:61.49,65.2 3 17
github.com/ToufiqQureshi/bot-shield/pkg/challenge/challenge.go:70.82,75.2 4 8
github.com/ToufiqQureshi/bot-shield/pkg/challenge/challenge.go:80.82,82.21 2 6
github.com/ToufiqQureshi/bot-shield/pkg/challenge/challenge.go:82.21,84.3 1 0
github.com/ToufiqQureshi/bot-shield/pkg/challenge/challenge.go:85.2,86.75 2 6
github.com/ToufiqQureshi/bot-shield/pkg/challenge/challenge.go:86.75,88.3 1 1
github.com/ToufiqQureshi/bot-shield/pkg/challenge/challenge.go:89.2,90.16 2 5
github.com/ToufiqQureshi/bot-shield/pkg/challenge/challenge.go:90.16,92.3 1 0
github.com/ToufiqQureshi/bot-shield/pkg/challenge/challenge.go:93.2,94.22 2 5
github.com/ToufiqQureshi/bot-shield/pkg/challenge/challenge.go:94.22,96.3 1 0
github.com/ToufiqQureshi/bot-shield/pkg/challenge/challenge.go:97.2,98.16 2 5
github.com/ToufiqQureshi/bot-shield/pkg/challenge/challenge.go:98.16,100.3 1 0
github.com/ToufiqQureshi/bot-shield/pkg/challenge/challenge.go:101.2,103.38 3 5
github.com/ToufiqQureshi/bot-shield/pkg/challenge/challenge.go:103.38,105.3 1 0
github.com/ToufiqQureshi/bot-shield/pkg/challenge/challenge.go:106.2,107.16 2 5
github.com/ToufiqQureshi/bot-shield/pkg/challenge/challenge.go:107.16,109.3 1 0
github.com/ToufiqQureshi/bot-shield/pkg/challenge/challenge.go:110.2,110.61 1 5
github.com/ToufiqQureshi/bot-shield/pkg/challenge/challenge.go:115.42,116.98 1 13
github.com/ToufiqQureshi/bot-shield/pkg/challenge/challenge.go:116.98,118.3 1 0
github.com/ToufiqQureshi/bot-shield/pkg/challenge/challenge.go:119.2,119.12 1 13
github.com/ToufiqQureshi/bot-shield/pkg/challenge/challenge.go:122.36,124.40 2 8
github.com/ToufiqQureshi/bot-shield/pkg/challenge/challenge.go:124.40,126.3 1 0
github.com/ToufiqQureshi/bot-shield/pkg/challenge/challenge.go:127.2,127.35 1 8
github.com/ToufiqQureshi/bot-shield/pkg/challenge/challenge.go:131.42,133.22 1 5
github.com/ToufiqQureshi/bot-shield/pkg/challenge/challenge.go:133.22,135.3 1 0
github.com/ToufiqQureshi/bot-shield/pkg/challenge/challenge.go:136.2,138.41 3 5
github.com/ToufiqQureshi/bot-shield/pkg/challenge/challenge.go:151.42,153.2 1 4
github.com/ToufiqQureshi/bot-shield/pkg/challenge/challenge.go:345.67,347.16 2 8
github.com/ToufiqQureshi/bot-shield/pkg/challenge/challenge.go:347.16,350.3 2 0
github.com/ToufiqQureshi/bot-shield/pkg/challenge/challenge.go:351.2,362.4 5 8
github.com/ToufiqQureshi/bot-shield/pkg/challenge/challenge.go:369.74,371.38 2 6
github.com/ToufiqQureshi/bot-shield/pkg/challenge/challenge.go:371.38,374.3 2 0
github.com/ToufiqQureshi/bot-shield/pkg/challenge/challenge.go:376.2,377.9 2 6
github.com/ToufiqQureshi/bot-shield/pkg/challenge/challenge.go:377.9,380.3 2 1
github.com/ToufiqQureshi/bot-shield/pkg/challenge/challenge.go:381.2,382.30 2 5
github.com/ToufiqQureshi/bot-shield/pkg/challenge/challenge.go:382.30,385.3 2 1
github.com/ToufiqQureshi/bot-shield/pkg/challenge/challenge.go:386.2,386.46 1 4
github.com/ToufiqQureshi/bot-shield/pkg/challenge/challenge.go:386.46,389.3 2 1
github.com/ToufiqQureshi/bot-shield/pkg/challenge/challenge.go:396.2,396.78 1 3
github.com/ToufiqQureshi/bot-shield/pkg/challenge/challenge.go:396.78,399.3 2 2
github.com/ToufiqQureshi/bot-shield/pkg/challenge/challenge.go:401.2,402.56 2 1
github.com/ToufiqQureshi/bot-shield/pkg/challenge/challenge.go:405.60,417.2 3 1
github.com/ToufiqQureshi/bot-shield/pkg/challenge/challenge.go:422.50,424.16 2 2
github.com/ToufiqQureshi/bot-shield/pkg/challenge/challenge.go:424.16,426.3 1 0
github.com/ToufiqQureshi/bot-shield/pkg/challenge/challenge.go:427.2,428.21 2 2
github.com/ToufiqQureshi/bot-shield/pkg/challenge/challenge.go:428.21,430.3 1 0
github.com/ToufiqQureshi/bot-shield/pkg/challenge/challenge.go:431.2,431.81 1 2
github.com/ToufiqQureshi/bot-shield/pkg/challenge/challenge.go:431.81,433.3 1 1
github.com/ToufiqQureshi/bot-shield/pkg/challenge/challenge.go:434.2,435.16 2 1
github.com/ToufiqQureshi/bot-shield/pkg/challenge/challenge.go:435.16,437.3 1 0
github.com/ToufiqQureshi/bot-shield/pkg/challenge/challenge.go:438.2,439.40 2 1
github.com/ToufiqQureshi/bot-shield/pkg/challenge/challenge.go:447.44,449.77 2 9
github.com/ToufiqQureshi/bot-shield/pkg/challenge/challenge.go:449.77,450.33 1 9
github.com/ToufiqQureshi/bot-shield/pkg/challenge/challenge.go:450.33,453.4 2 1
github.com/ToufiqQureshi/bot-shield/pkg/challenge/challenge.go:454.3,454.16 1 8
github.com/ToufiqQureshi/bot-shield/pkg/challenge/challenge.go:456.2,456.74 1 9
github.com/ToufiqQureshi/bot-shield/pkg/challenge/challenge.go:456.74,457.34 1 7
github.com/ToufiqQureshi/bot-shield/pkg/challenge/challenge.go:457.34,460.4 2 1
github.com/ToufiqQureshi/bot-shield/pkg/challenge/challenge.go:461.3,461.23 1 6
github.com/ToufiqQureshi/bot-shield/pkg/challenge/challenge.go:463.2,463.12 1 9
github.com/ToufiqQureshi/bot-shield/pkg/config/mode.go:15.31,16.21 1 2
github.com/ToufiqQureshi/bot-shield/pkg/config/mode.go:16.21,18.3 1 1
github.com/ToufiqQureshi/bot-shield/pkg/config/mode.go:19.2,19.18 1 1
github.com/ToufiqQureshi/bot-shield/pkg/config/mode.go:25.40,26.11 1 5
github.com/ToufiqQureshi/bot-shield/pkg/config/mode.go:27.17,28.26 1 1
github.com/ToufiqQureshi/bot-shield/pkg/config/mode.go:29.16,30.25 1 1
github.com/ToufiqQureshi/bot-shield/pkg/config/mode.go:31.10,32.87 1 3
github.com/ToufiqQureshi/bot-shield/pkg/config/mode.go:47.37,48.23 1 0
github.com/ToufiqQureshi/bot-shield/pkg/config/mode.go:48.23,50.3 1 0
github.com/ToufiqQureshi/bot-shield/pkg/config/mode.go:51.2,51.19 1 0
github.com/ToufiqQureshi/bot-shield/pkg/config/mode.go:55.48,56.11 1 0
github.com/ToufiqQureshi/bot-shield/pkg/config/mode.go:57.22,58.29 1 0
github.com/ToufiqQureshi/bot-shield/pkg/config/mode.go:59.16,60.27 1 0
github.com/ToufiqQureshi/bot-shield/pkg/config/mode.go:61.10,62.93 1 0
github.com/ToufiqQureshi/bot-shield/pkg/db/db.go:13.37,18.16 4 0
github.com/ToufiqQureshi/bot-shield/pkg/db/db.go:18.16,20.3 1 0
github.com/ToufiqQureshi/bot-shield/pkg/db/db.go:22.2,22.39 1 0
github.com/ToufiqQureshi/bot-shield/pkg/db/db.go:22.39,24.3 1 0
github.com/ToufiqQureshi/bot-shield/pkg/db/db.go:26.2,27.24 2 0
github.com/ToufiqQureshi/bot-shield/pkg/db/db.go:30.44,42.2 3 0
github.com/ToufiqQureshi/bot-shield/pkg/db/db.go:44.102,45.15 1 0
github.com/ToufiqQureshi/bot-shield/pkg/db/db.go:45.15,47.3 1 0
github.com/ToufiqQureshi/bot-shield/pkg/db/db.go:49.2,51.8 3 0
github.com/ToufiqQureshi/bot-shield/pkg/core/capture.go:18.81,24.2 3 1
github.com/ToufiqQureshi/bot-shield/pkg/core/capture.go:36.54,38.16 2 0
github.com/ToufiqQureshi/bot-shield/pkg/core/capture.go:38.16,40.3 1 0
github.com/ToufiqQureshi/bot-shield/pkg/core/capture.go:41.2,41.71 1 0
github.com/ToufiqQureshi/bot-shield/pkg/core/capture.go:47.67,49.2 1 1
github.com/ToufiqQureshi/bot-shield/pkg/core/capture.go:54.63,56.2 1 2
github.com/ToufiqQureshi/bot-shield/pkg/core/capture.go:68.49,69.65 1 61
github.com/ToufiqQureshi/bot-shield/pkg/core/capture.go:69.65,71.3 1 3
github.com/ToufiqQureshi/bot-shield/pkg/core/capture.go:72.2,73.17 2 58
github.com/ToufiqQureshi/bot-shield/pkg/core/capture.go:73.17,75.3 1 58
github.com/ToufiqQureshi/bot-shield/pkg/core/capture.go:76.2,77.9 2 0
github.com/ToufiqQureshi/bot-shield/pkg/core/capture.go:77.9,79.3 1 0
github.com/ToufiqQureshi/bot-shield/pkg/core/capture.go:80.2,81.16 2 0
github.com/ToufiqQureshi/bot-shield/pkg/core/capture.go:81.16,83.3 1 0
github.com/ToufiqQureshi/bot-shield/pkg/core/capture.go:84.2,85.16 2 0
github.com/ToufiqQureshi/bot-shield/pkg/core/capture.go:85.16,87.3 1 0
github.com/ToufiqQureshi/bot-shield/pkg/core/capture.go:88.2,88.11 1 0
github.com/ToufiqQureshi/bot-shield/pkg/core/guard.go:27.75,29.2 1 9
github.com/ToufiqQureshi/bot-shield/pkg/core/guard.go:35.67,37.42 1 36
github.com/ToufiqQureshi/bot-shield/pkg/core/guard.go:37.42,42.3 4 1
github.com/ToufiqQureshi/bot-shield/pkg/core/guard.go:46.2,47.52 2 35
github.com/ToufiqQureshi/bot-shield/pkg/core/guard.go:47.52,49.3 1 0
github.com/ToufiqQureshi/bot-shield/pkg/core/guard.go:51.2,52.16 2 35
github.com/ToufiqQureshi/bot-shield/pkg/core/guard.go:52.16,57.3 2 1
github.com/ToufiqQureshi/bot-shield/pkg/core/guard.go:59.2,63.54 4 34
github.com/ToufiqQureshi/bot-shield/pkg/core/guard.go:63.54,65.3 1 34
github.com/ToufiqQureshi/bot-shield/pkg/core/guard.go:70.2,70.50 1 34
github.com/ToufiqQureshi/bot-shield/pkg/core/guard.go:70.50,80.3 4 0
github.com/ToufiqQureshi/bot-shield/pkg/core/guard.go:82.2,82.27 1 34
github.com/ToufiqQureshi/bot-shield/pkg/core/guard.go:82.27,88.52 1 29
github.com/ToufiqQureshi/bot-shield/pkg/core/guard.go:88.52,91.16 3 8
github.com/ToufiqQureshi/bot-shield/pkg/core/guard.go:91.16,94.5 2 8
github.com/ToufiqQureshi/bot-shield/pkg/core/guard.go:95.4,96.10 2 0
github.com/ToufiqQureshi/bot-shield/pkg/core/guard.go:98.3,104.9 4 21
github.com/ToufiqQureshi/bot-shield/pkg/core/guard.go:107.2,116.66 4 5
github.com/ToufiqQureshi/bot-shield/pkg/core/guard.go:116.66,118.3 1 1
github.com/ToufiqQureshi/bot-shield/pkg/core/guard.go:119.2,130.15 2 5
github.com/ToufiqQureshi/bot-shield/pkg/core/guard.go:130.15,134.3 3 1
github.com/ToufiqQureshi/bot-shield/pkg/core/guard.go:136.2,137.18 2 4
github.com/ToufiqQureshi/bot-shield/pkg/core/guard.go:138.29,139.51 1 1
github.com/ToufiqQureshi/bot-shield/pkg/core/guard.go:140.31,145.49 2 1
github.com/ToufiqQureshi/bot-shield/pkg/core/guard.go:146.33,147.26 1 1
github.com/ToufiqQureshi/bot-shield/pkg/core/guard.go:148.10,149.32 1 1
github.com/ToufiqQureshi/bot-shield/pkg/core/proxy.go:22.84,25.2 2 1
github.com/ToufiqQureshi/bot-shield/pkg/core/proxy.go:28.54,29.55 1 25
github.com/ToufiqQureshi/bot-shield/pkg/core/proxy.go:29.55,31.3 1 1
github.com/ToufiqQureshi/bot-shield/pkg/core/proxy.go:32.2,32.11 1 24
github.com/ToufiqQureshi/bot-shield/pkg/core/proxy.go:36.48,37.49 1 1
github.com/ToufiqQureshi/bot-shield/pkg/core/proxy.go:37.49,39.3 1 1
github.com/ToufiqQureshi/bot-shield/pkg/core/proxy.go:40.2,40.10 1 0
github.com/ToufiqQureshi/bot-shield/pkg/core/proxy.go:93.68,95.16 2 10
github.com/ToufiqQureshi/bot-shield/pkg/core/proxy.go:95.16,97.3 1 1
github.com/ToufiqQureshi/bot-shield/pkg/core/proxy.go:98.2,98.36 1 9
github.com/ToufiqQureshi/bot-shield/pkg/core/proxy.go:98.36,100.3 1 1
github.com/ToufiqQureshi/bot-shield/pkg/core/proxy.go:106.2,108.73 1 8
github.com/ToufiqQureshi/bot-shield/pkg/core/proxy.go:108.73,112.4 3 0
github.com/ToufiqQureshi/bot-shield/pkg/core/proxy.go:113.43,120.38 4 25
github.com/ToufiqQureshi/bot-shield/pkg/core/proxy.go:120.38,122.5 1 150
github.com/ToufiqQureshi/bot-shield/pkg/core/proxy.go:123.4,123.68 1 25
github.com/ToufiqQureshi/bot-shield/pkg/core/proxy.go:123.68,125.5 1 25
github.com/ToufiqQureshi/bot-shield/pkg/core/proxy.go:130.4,132.17 3 25
github.com/ToufiqQureshi/bot-shield/pkg/core/proxy.go:132.17,134.5 1 1
github.com/ToufiqQureshi/bot-shield/pkg/core/proxy.go:139.4,140.49 2 25
github.com/ToufiqQureshi/bot-shield/pkg/core/proxy.go:140.49,142.5 1 0
github.com/ToufiqQureshi/bot-shield/pkg/core/proxy.go:145.4,148.61 4 25
github.com/ToufiqQureshi/bot-shield/pkg/core/proxy.go:148.61,151.5 2 1
github.com/ToufiqQureshi/bot-shield/pkg/core/proxy.go:154.2,154.15 1 8
github.com/ToufiqQureshi/bot-shield/pkg/db/db.go:13.37,18.16 4 0
github.com/ToufiqQureshi/bot-shield/pkg/db/db.go:18.16,20.3 1 0
github.com/ToufiqQureshi/bot-shield/pkg/db/db.go:22.2,22.39 1 0
github.com/ToufiqQureshi/bot-shield/pkg/db/db.go:22.39,24.3 1 0
github.com/ToufiqQureshi/bot-shield/pkg/db/db.go:26.2,27.24 2 0
github.com/ToufiqQureshi/bot-shield/pkg/db/db.go:30.44,42.2 3 0
github.com/ToufiqQureshi/bot-shield/pkg/db/db.go:44.102,45.15 1 0
github.com/ToufiqQureshi/bot-shield/pkg/db/db.go:45.15,47.3 1 0
github.com/ToufiqQureshi/bot-shield/pkg/db/db.go:49.2,51.8 3 0
github.com/ToufiqQureshi/bot-shield/pkg/evidence/evidence.go:45.24,47.2 1 5
github.com/ToufiqQureshi/bot-shield/pkg/evidence/evidence.go:52.54,53.14 1 5
github.com/ToufiqQureshi/bot-shield/pkg/evidence/evidence.go:53.14,55.3 1 0
github.com/ToufiqQureshi/bot-shield/pkg/evidence/evidence.go:56.2,56.75 1 5
github.com/ToufiqQureshi/bot-shield/pkg/evidence/evidence.go:61.36,68.22 6 69
github.com/ToufiqQureshi/bot-shield/pkg/evidence/evidence.go:68.22,70.3 1 69
github.com/ToufiqQureshi/bot-shield/pkg/evidence/evidence.go:75.46,79.31 3 5
github.com/ToufiqQureshi/bot-shield/pkg/evidence/evidence.go:79.31,81.3 1 3
github.com/ToufiqQureshi/bot-shield/pkg/evidence/evidence.go:82.2,85.47 3 5
github.com/ToufiqQureshi/bot-shield/pkg/evidence/evidence.go:85.47,89.28 2 62
github.com/ToufiqQureshi/bot-shield/pkg/evidence/evidence.go:89.28,90.9 1 0
github.com/ToufiqQureshi/bot-shield/pkg/evidence/evidence.go:92.3,92.23 1 62
github.com/ToufiqQureshi/bot-shield/pkg/evidence/evidence.go:94.2,94.12 1 5
github.com/ToufiqQureshi/bot-shield/pkg/observability/sentry.go:21.29,22.15 1 1
github.com/ToufiqQureshi/bot-shield/pkg/observability/sentry.go:22.15,25.3 2 1
github.com/ToufiqQureshi/bot-shield/pkg/observability/sentry.go:26.2,31.4 1 0
github.com/ToufiqQureshi/bot-shield/pkg/observability/sentry.go:38.49,39.71 1 2
github.com/ToufiqQureshi/bot-shield/pkg/observability/sentry.go:39.71,40.16 1 2
github.com/ToufiqQureshi/bot-shield/pkg/observability/sentry.go:40.16,41.36 1 2
github.com/ToufiqQureshi/bot-shield/pkg/observability/sentry.go:41.36,46.5 4 1
github.com/ToufiqQureshi/bot-shield/pkg/observability/sentry.go:48.3,48.23 1 2
github.com/ToufiqQureshi/bot-shield/pkg/signals/fingerprint.go:17.51,19.60 2 13
github.com/ToufiqQureshi/bot-shield/pkg/signals/fingerprint.go:19.60,21.3 1 10
github.com/ToufiqQureshi/bot-shield/pkg/signals/fingerprint.go:22.2,22.25 1 3
github.com/ToufiqQureshi/bot-shield/pkg/signals/goodbots.go:58.74,61.3 2 0
github.com/ToufiqQureshi/bot-shield/pkg/signals/goodbots.go:62.74,65.3 2 0
github.com/ToufiqQureshi/bot-shield/pkg/signals/goodbots.go:69.65,71.36 2 11
github.com/ToufiqQureshi/bot-shield/pkg/signals/goodbots.go:71.36,72.47 1 36
github.com/ToufiqQureshi/bot-shield/pkg/signals/goodbots.go:72.47,74.4 1 9
github.com/ToufiqQureshi/bot-shield/pkg/signals/goodbots.go:76.2,76.19 1 2
github.com/ToufiqQureshi/bot-shield/pkg/signals/goodbots.go:82.44,83.26 1 3
github.com/ToufiqQureshi/bot-shield/pkg/signals/goodbots.go:83.26,85.3 1 0
github.com/ToufiqQureshi/bot-shield/pkg/signals/goodbots.go:87.2,88.14 2 3
github.com/ToufiqQureshi/bot-shield/pkg/signals/goodbots.go:88.14,90.3 1 0
github.com/ToufiqQureshi/bot-shield/pkg/signals/goodbots.go:92.2,97.49 5 3
github.com/ToufiqQureshi/bot-shield/pkg/signals/goodbots.go:97.49,99.3 1 1
github.com/ToufiqQureshi/bot-shield/pkg/signals/goodbots.go:101.2,110.17 5 2
github.com/ToufiqQureshi/bot-shield/pkg/signals/goodbots.go:113.58,115.21 2 2
github.com/ToufiqQureshi/bot-shield/pkg/signals/goodbots.go:115.21,117.3 1 0
github.com/ToufiqQureshi/bot-shield/pkg/signals/goodbots.go:119.2,123.35 4 2
github.com/ToufiqQureshi/bot-shield/pkg/signals/goodbots.go:123.35,125.3 1 0
github.com/ToufiqQureshi/bot-shield/pkg/signals/goodbots.go:127.2,127.29 1 2
github.com/ToufiqQureshi/bot-shield/pkg/signals/goodbots.go:127.29,132.39 3 2
github.com/ToufiqQureshi/bot-shield/pkg/signals/goodbots.go:132.39,134.49 2 3
github.com/ToufiqQureshi/bot-shield/pkg/signals/goodbots.go:134.49,136.10 2 1
github.com/ToufiqQureshi/bot-shield/pkg/signals/goodbots.go:140.3,140.21 1 2
github.com/ToufiqQureshi/bot-shield/pkg/signals/goodbots.go:140.21,141.12 1 1
github.com/ToufiqQureshi/bot-shield/pkg/signals/goodbots.go:145.3,146.17 2 1
github.com/ToufiqQureshi/bot-shield/pkg/signals/goodbots.go:146.17,147.12 1 0
github.com/ToufiqQureshi/bot-shield/pkg/signals/goodbots.go:150.3,150.35 1 1
github.com/ToufiqQureshi/bot-shield/pkg/signals/goodbots.go:150.35,151.27 1 1
github.com/ToufiqQureshi/bot-shield/pkg/signals/goodbots.go:151.27,153.5 1 1
github.com/ToufiqQureshi/bot-shield/pkg/signals/goodbots.go:157.2,157.14 1 1
github.com/ToufiqQureshi/bot-shield/pkg/signals/headers.go:36.56,37.24 1 16
github.com/ToufiqQureshi/bot-shield/pkg/signals/headers.go:37.24,39.3 1 6
github.com/ToufiqQureshi/bot-shield/pkg/signals/headers.go:43.2,43.39 1 10
github.com/ToufiqQureshi/bot-shield/pkg/signals/headers.go:43.39,44.26 1 19
github.com/ToufiqQureshi/bot-shield/pkg/signals/headers.go:44.26,46.4 1 7
github.com/ToufiqQureshi/bot-shield/pkg/signals/headers.go:48.2,48.33 1 3
github.com/ToufiqQureshi/bot-shield/pkg/signals/headers.go:48.33,49.26 1 6
github.com/ToufiqQureshi/bot-shield/pkg/signals/headers.go:49.26,51.4 1 0
github.com/ToufiqQureshi/bot-shield/pkg/signals/headers.go:53.2,53.13 1 3
github.com/ToufiqQureshi/bot-shield/pkg/signals/ja4db.go:91.13,100.2 3 1
github.com/ToufiqQureshi/bot-shield/pkg/signals/ja4db.go:105.59,106.16 1 1
github.com/ToufiqQureshi/bot-shield/pkg/signals/ja4db.go:106.16,109.3 2 1
github.com/ToufiqQureshi/bot-shield/pkg/signals/ja4db.go:112.2,115.12 2 0
github.com/ToufiqQureshi/bot-shield/pkg/signals/ja4db.go:115.12,118.7 3 0
github.com/ToufiqQureshi/bot-shield/pkg/signals/ja4db.go:118.7,119.11 1 0
github.com/ToufiqQureshi/bot-shield/pkg/signals/ja4db.go:120.22,121.11 1 0
github.com/ToufiqQureshi/bot-shield/pkg/signals/ja4db.go:122.20,123.31 1 0
github.com/ToufiqQureshi/bot-shield/pkg/signals/ja4db.go:129.63,134.36 4 1
github.com/ToufiqQureshi/bot-shield/pkg/signals/ja4db.go:134.36,137.3 2 1
github.com/ToufiqQureshi/bot-shield/pkg/signals/ja4db.go:139.2,140.36 2 0
github.com/ToufiqQureshi/bot-shield/pkg/signals/ja4db.go:140.36,143.3 2 0
github.com/ToufiqQureshi/bot-shield/pkg/signals/ja4db.go:145.2,149.21 3 0
github.com/ToufiqQureshi/bot-shield/pkg/signals/ja4db.go:149.21,151.3 1 0
github.com/ToufiqQureshi/bot-shield/pkg/signals/ja4db.go:152.2,152.21 1 0
github.com/ToufiqQureshi/bot-shield/pkg/signals/ja4db.go:152.21,154.3 1 0
github.com/ToufiqQureshi/bot-shield/pkg/signals/ja4db.go:158.43,162.2 3 12
github.com/ToufiqQureshi/bot-shield/pkg/signals/ja4db.go:165.44,169.2 3 2
github.com/ToufiqQureshi/bot-shield/pkg/signals/ja4db.go:173.42,174.39 1 203
github.com/ToufiqQureshi/bot-shield/pkg/signals/ja4db.go:174.39,176.3 1 0
github.com/ToufiqQureshi/bot-shield/pkg/signals/ja4db.go:179.2,183.49 3 203
github.com/ToufiqQureshi/bot-shield/pkg/signals/ja4db.go:183.49,185.3 1 0
github.com/ToufiqQureshi/bot-shield/pkg/signals/ja4db.go:188.2,188.36 1 203
github.com/ToufiqQureshi/bot-shield/pkg/signals/ja4db.go:188.36,189.32 1 254
github.com/ToufiqQureshi/bot-shield/pkg/signals/ja4db.go:189.32,191.4 1 152
github.com/ToufiqQureshi/bot-shield/pkg/signals/ja4db.go:193.2,193.14 1 51
github.com/ToufiqQureshi/bot-shield/pkg/signals/ja4db.go:197.51,198.39 1 116
github.com/ToufiqQureshi/bot-shield/pkg/signals/ja4db.go:198.39,200.3 1 4
github.com/ToufiqQureshi/bot-shield/pkg/signals/ja4db.go:201.2,204.17 4 112
github.com/ToufiqQureshi/bot-shield/pkg/signals/ja4db.go:209.41,210.39 1 0
github.com/ToufiqQureshi/bot-shield/pkg/signals/ja4db.go:210.39,212.3 1 0
github.com/ToufiqQureshi/bot-shield/pkg/signals/ja4db.go:213.2,215.30 3 0
github.com/ToufiqQureshi/bot-shield/pkg/signals/ja4db.go:220.82,221.39 1 0
github.com/ToufiqQureshi/bot-shield/pkg/signals/ja4db.go:221.39,223.3 1 0
github.com/ToufiqQureshi/bot-shield/pkg/signals/ja4db.go:225.2,229.27 3 0
github.com/ToufiqQureshi/bot-shield/pkg/signals/ja4db.go:229.27,231.3 1 0
github.com/ToufiqQureshi/bot-shield/pkg/signals/ja4db.go:233.2,233.35 1 0
github.com/ToufiqQureshi/bot-shield/pkg/signals/ja4db.go:233.35,235.3 1 0
github.com/ToufiqQureshi/bot-shield/pkg/signals/ja4db.go:238.2,238.36 1 0
github.com/ToufiqQureshi/bot-shield/pkg/signals/ja4db.go:238.36,239.32 1 0
github.com/ToufiqQureshi/bot-shield/pkg/signals/ja4db.go:239.32,241.4 1 0
github.com/ToufiqQureshi/bot-shield/pkg/signals/ja4db.go:245.2,245.28 1 0
github.com/ToufiqQureshi/bot-shield/pkg/signals/pattern.go:28.35,29.13 1 631
github.com/ToufiqQureshi/bot-shield/pkg/signals/pattern.go:29.13,31.3 1 1
github.com/ToufiqQureshi/bot-shield/pkg/signals/pattern.go:32.2,32.54 1 630
github.com/ToufiqQureshi/bot-shield/pkg/signals/pattern.go:58.49,59.79 1 513
github.com/ToufiqQureshi/bot-shield/pkg/signals/pattern.go:59.79,61.3 1 150
github.com/ToufiqQureshi/bot-shield/pkg/signals/pattern.go:63.2,73.42 9 363
github.com/ToufiqQureshi/bot-shield/pkg/signals/pattern.go:73.42,77.3 1 0
github.com/ToufiqQureshi/bot-shield/pkg/signals/pattern.go:78.2,78.39 1 363
github.com/ToufiqQureshi/bot-shield/pkg/signals/score.go:23.35,24.11 1 5
github.com/ToufiqQureshi/bot-shield/pkg/signals/score.go:25.21,26.17 1 1
github.com/ToufiqQureshi/bot-shield/pkg/signals/score.go:27.25,28.21 1 1
github.com/ToufiqQureshi/bot-shield/pkg/signals/score.go:29.21,30.17 1 1
github.com/ToufiqQureshi/bot-shield/pkg/signals/score.go:31.23,32.19 1 1
github.com/ToufiqQureshi/bot-shield/pkg/signals/score.go:33.10,34.19 1 1
github.com/ToufiqQureshi/bot-shield/pkg/signals/score.go:86.71,86.104 1 9
github.com/ToufiqQureshi/bot-shield/pkg/signals/score.go:87.62,87.96 1 9
github.com/ToufiqQureshi/bot-shield/pkg/signals/score.go:93.68,93.108 1 9
github.com/ToufiqQureshi/bot-shield/pkg/signals/score.go:94.51,97.3 2 9
github.com/ToufiqQureshi/bot-shield/pkg/signals/score.go:98.52,98.84 1 9
github.com/ToufiqQureshi/bot-shield/pkg/signals/score.go:99.51,99.94 1 9
github.com/ToufiqQureshi/bot-shield/pkg/signals/score.go:100.55,100.94 1 9
github.com/ToufiqQureshi/bot-shield/pkg/signals/score.go:104.66,104.101 1 9
github.com/ToufiqQureshi/bot-shield/pkg/signals/score.go:108.32,110.27 2 9
github.com/ToufiqQureshi/bot-shield/pkg/signals/score.go:110.27,111.17 1 72
github.com/ToufiqQureshi/bot-shield/pkg/signals/score.go:111.17,113.4 1 9
github.com/ToufiqQureshi/bot-shield/pkg/signals/score.go:115.2,115.14 1 9
github.com/ToufiqQureshi/bot-shield/pkg/signals/score.go:120.39,122.27 2 0
github.com/ToufiqQureshi/bot-shield/pkg/signals/score.go:122.27,123.17 1 0
github.com/ToufiqQureshi/bot-shield/pkg/signals/score.go:123.17,125.4 1 0
github.com/ToufiqQureshi/bot-shield/pkg/signals/score.go:127.2,127.14 1 0
github.com/ToufiqQureshi/bot-shield/pkg/signals/score.go:131.33,133.2 1 3
github.com/ToufiqQureshi/bot-shield/pkg/signals/score.go:139.69,140.29 1 15
github.com/ToufiqQureshi/bot-shield/pkg/signals/score.go:140.29,142.3 1 4
github.com/ToufiqQureshi/bot-shield/pkg/signals/score.go:143.2,143.35 1 11
github.com/ToufiqQureshi/bot-shield/pkg/signals/score.go:143.35,145.3 1 4
github.com/ToufiqQureshi/bot-shield/pkg/signals/score.go:146.2,146.16 1 7
github.com/ToufiqQureshi/bot-shield/pkg/signals/score.go:146.16,148.3 1 1
github.com/ToufiqQureshi/bot-shield/pkg/signals/score.go:149.2,149.26 1 6
github.com/ToufiqQureshi/bot-shield/pkg/signals/useragent.go:18.36,20.35 2 542
github.com/ToufiqQureshi/bot-shield/pkg/signals/useragent.go:20.35,21.33 1 1622
github.com/ToufiqQureshi/bot-shield/pkg/signals/useragent.go:21.33,23.4 1 2
github.com/ToufiqQureshi/bot-shield/pkg/signals/useragent.go:25.2,25.35 1 540
github.com/ToufiqQureshi/bot-shield/pkg/signals/useragent.go:25.35,26.30 1 797
github.com/ToufiqQureshi/bot-shield/pkg/signals/useragent.go:26.30,28.4 1 456
github.com/ToufiqQureshi/bot-shield/pkg/signals/useragent.go:30.2,30.14 1 84
github.com/ToufiqQureshi/bot-shield/pkg/signals/useragent.go:35.38,37.37 2 9
github.com/ToufiqQureshi/bot-shield/pkg/signals/useragent.go:37.37,38.33 1 99
github.com/ToufiqQureshi/bot-shield/pkg/signals/useragent.go:38.33,40.4 1 0
github.com/ToufiqQureshi/bot-shield/pkg/signals/useragent.go:42.2,42.14 1 9
github.com/ToufiqQureshi/bot-shield/pkg/signals/useragent.go:50.38,51.24 1 23
github.com/ToufiqQureshi/bot-shield/pkg/signals/useragent.go:51.24,53.3 1 10
github.com/ToufiqQureshi/bot-shield/pkg/signals/useragent.go:54.2,54.15 1 13
github.com/ToufiqQureshi/bot-shield/pkg/signals/useragent.go:54.15,56.3 1 2
github.com/ToufiqQureshi/bot-shield/pkg/signals/useragent.go:57.2,57.26 1 11
github.com/ToufiqQureshi/bot-shield/pkg/signals/useragent.go:57.26,59.3 1 2
github.com/ToufiqQureshi/bot-shield/pkg/signals/useragent.go:60.2,60.18 1 9
github.com/ToufiqQureshi/bot-shield/pkg/signals/useragent.go:60.18,62.3 1 1
github.com/ToufiqQureshi/bot-shield/pkg/signals/useragent.go:63.2,64.40 2 8
github.com/ToufiqQureshi/bot-shield/pkg/signals/useragent.go:64.40,66.3 1 3
github.com/ToufiqQureshi/bot-shield/pkg/signals/useragent.go:68.2,68.55 1 5
github.com/ToufiqQureshi/bot-shield/pkg/signals/useragent.go:68.55,70.3 1 2
github.com/ToufiqQureshi/bot-shield/pkg/signals/useragent.go:71.2,71.14 1 3
github.com/ToufiqQureshi/bot-shield/pkg/signals/velocity.go:31.38,33.2 1 0
github.com/ToufiqQureshi/bot-shield/pkg/signals/velocity.go:40.50,42.2 1 23
github.com/ToufiqQureshi/bot-shield/pkg/signals/velocity.go:48.47,49.28 1 196
github.com/ToufiqQureshi/bot-shield/pkg/signals/velocity.go:49.28,51.3 1 10
github.com/ToufiqQureshi/bot-shield/pkg/signals/velocity.go:53.2,62.42 8 186
github.com/ToufiqQureshi/bot-shield/pkg/signals/velocity.go:62.42,66.3 1 0
github.com/ToufiqQureshi/bot-shield/pkg/signals/velocity.go:67.2,67.27 1 186
github.com/ToufiqQureshi/bot-shield/pkg/signals/velocity.go:71.68,72.25 1 188
github.com/ToufiqQureshi/bot-shield/pkg/signals/velocity.go:72.25,74.3 1 101
github.com/ToufiqQureshi/bot-shield/pkg/signals/velocity.go:75.2,75.69 1 87
github.com/ToufiqQureshi/bot-shield/pkg/signals/velocity.go:81.45,82.53 1 132
github.com/ToufiqQureshi/bot-shield/pkg/signals/velocity.go:82.53,84.3 1 30
github.com/ToufiqQureshi/bot-shield/pkg/signals/velocity.go:86.2,86.29 1 102
github.com/ToufiqQureshi/bot-shield/pkg/signals/velocity.go:86.29,88.3 1 51
github.com/ToufiqQureshi/bot-shield/pkg/signals/velocity.go:90.2,101.16 9 51
github.com/ToufiqQureshi/bot-shield/pkg/signals/velocity.go:101.16,103.3 1 0
github.com/ToufiqQureshi/bot-shield/pkg/signals/velocity.go:105.2,105.43 1 51
github.com/ToufiqQureshi/bot-shield/pkg/stats/stats.go:27.44,29.11 2 105
github.com/ToufiqQureshi/bot-shield/pkg/stats/stats.go:30.29,31.19 1 1
github.com/ToufiqQureshi/bot-shield/pkg/stats/stats.go:32.31,33.20 1 1
github.com/ToufiqQureshi/bot-shield/pkg/stats/stats.go:34.33,35.22 1 1
github.com/ToufiqQureshi/bot-shield/pkg/stats/stats.go:36.10,37.18 1 102
github.com/ToufiqQureshi/bot-shield/pkg/stats/stats.go:41.36,41.61 1 3
github.com/ToufiqQureshi/bot-shield/pkg/stats/stats.go:42.36,42.62 1 2
github.com/ToufiqQureshi/bot-shield/pkg/stats/stats.go:43.36,43.66 1 2
github.com/ToufiqQureshi/bot-shield/pkg/stats/stats.go:44.36,44.63 1 2
github.com/ToufiqQureshi/bot-shield/pkg/stats/stats.go:45.36,45.64 1 1
github.com/ToufiqQureshi/bot-shield/pkg/db/db.go:13.37,18.16 4 0
github.com/ToufiqQureshi/bot-shield/pkg/db/db.go:18.16,20.3 1 0
github.com/ToufiqQureshi/bot-shield/pkg/db/db.go:22.2,22.39 1 0
github.com/ToufiqQureshi/bot-shield/pkg/db/db.go:22.39,24.3 1 0
github.com/ToufiqQureshi/bot-shield/pkg/db/db.go:26.2,27.24 2 0
github.com/ToufiqQureshi/bot-shield/pkg/db/db.go:30.44,42.2 3 0
github.com/ToufiqQureshi/bot-shield/pkg/db/db.go:44.102,45.15 1 0
github.com/ToufiqQureshi/bot-shield/pkg/db/db.go:45.15,47.3 1 0
github.com/ToufiqQureshi/bot-shield/pkg/db/db.go:49.2,51.8 3 0
github.com/ToufiqQureshi/bot-shield/pkg/tenant/tenant.go:51.24,56.2 1 5
github.com/ToufiqQureshi/bot-shield/pkg/tenant/tenant.go:59.106,72.29 5 7
github.com/ToufiqQureshi/bot-shield/pkg/tenant/tenant.go:72.29,74.3 1 7
github.com/ToufiqQureshi/bot-shield/pkg/tenant/tenant.go:75.2,75.12 1 7
github.com/ToufiqQureshi/bot-shield/pkg/tenant/tenant.go:79.57,82.9 3 2006
github.com/ToufiqQureshi/bot-shield/pkg/tenant/tenant.go:82.9,84.3 1 1
github.com/ToufiqQureshi/bot-shield/pkg/tenant/tenant.go:85.2,87.8 2 2006
github.com/ToufiqQureshi/bot-shield/pkg/tenant/tenant.go:87.8,89.3 1 2006
github.com/ToufiqQureshi/bot-shield/pkg/tenant/tenant.go:92.2,92.28 1 0
github.com/ToufiqQureshi/bot-shield/pkg/tenant/tenant.go:95.59,96.27 1 0
github.com/ToufiqQureshi/bot-shield/pkg/tenant/tenant.go:96.27,98.3 1 0
github.com/ToufiqQureshi/bot-shield/pkg/tenant/tenant.go:100.2,104.16 4 0
github.com/ToufiqQureshi/bot-shield/pkg/tenant/tenant.go:104.16,106.3 1 0
github.com/ToufiqQureshi/bot-shield/pkg/tenant/tenant.go:111.2,112.16 2 0
github.com/ToufiqQureshi/bot-shield/pkg/tenant/tenant.go:112.16,115.3 2 0
github.com/ToufiqQureshi/bot-shield/pkg/tenant/tenant.go:116.2,117.16 2 0
github.com/ToufiqQureshi/bot-shield/pkg/tenant/tenant.go:117.16,119.3 1 0
github.com/ToufiqQureshi/bot-shield/pkg/tenant/tenant.go:121.2,127.71 2 0
github.com/ToufiqQureshi/bot-shield/pkg/tenant/tenant.go:127.71,129.3 1 0
github.com/ToufiqQureshi/bot-shield/pkg/tenant/tenant.go:131.2,133.28 3 0
github.com/ToufiqQureshi/bot-shield/pkg/tenant/tenant.go:137.53,142.9 4 6
github.com/ToufiqQureshi/bot-shield/pkg/tenant/tenant.go:142.9,144.3 1 1
github.com/ToufiqQureshi/bot-shield/pkg/tenant/tenant.go:145.2,145.15 1 5
